AutoDock Vina f458505-mod
#################################################################
# If you used AutoDock Vina in your work, please cite:          #
#                                                               #
# J. Eberhardt, D. Santos-Martins, A. F. Tillack, and S. Forli  #
# AutoDock Vina 1.2.0: New Docking Methods, Expanded Force      #
# Field, and Python Bindings, J. Chem. Inf. Model. (2021)       #
# DOI 10.1021/acs.jcim.1c00203                                  #
#                                                               #
# O. Trott, A. J. Olson,                                        #
# AutoDock Vina: improving the speed and accuracy of docking    #
# with a new scoring function, efficient optimization and       #
# multithreading, J. Comp. Chem. (2010)                         #
# DOI 10.1002/jcc.21334                                         #
#                                                               #
# Please see https://github.com/ccsb-scripps/AutoDock-Vina for  #
# more information.                                             #
#################################################################

Scoring function : vina
Rigid receptor: data/prepared/EstA.pdbqt
Ligand: data/prepared/GlyEE.pdbqt
Grid center: X 92.267 Y 79.626 Z 111.761
Grid size  : X 20 Y 20 Z 20
Grid space : 0.375
Exhaustiveness: 32
CPU: 0
Verbosity: 1

Computing Vina grid ... done.
Performing docking (random seed: 1) ... 
0%   10   20   30   40   50   60   70   80   90   100%
|----|----|----|----|----|----|----|----|----|----|
***************************************************

mode |   affinity | dist from best mode
     | (kcal/mol) | rmsd l.b.| rmsd u.b.
-----+------------+----------+----------
   1        -3.66          0          0
   2       -3.593      19.12       19.5
   3       -3.591      19.18      19.58
   4       -3.505      12.51      13.07
   5       -3.495       11.9      12.51
   6       -3.471      18.86      19.16
   7       -3.439      1.424      2.904
   8       -3.411      19.72      20.19
   9       -3.392      2.034      2.209
  10       -3.376      19.18      19.59
  11       -3.362      19.57      20.09
  12       -3.343      19.05      19.37
  13         -3.3      19.15      19.46
  14       -3.288      2.467      3.588
  15       -3.255      18.81      19.33
  16       -3.234      10.11      10.62
  17       -3.165       11.9       12.4
  18       -3.106       1.92      3.077
  19       -3.105       18.9      19.32
  20       -3.097      12.79       13.5
