AutoDock Vina f458505-mod
#################################################################
# If you used AutoDock Vina in your work, please cite:          #
#                                                               #
# J. Eberhardt, D. Santos-Martins, A. F. Tillack, and S. Forli  #
# AutoDock Vina 1.2.0: New Docking Methods, Expanded Force      #
# Field, and Python Bindings, J. Chem. Inf. Model. (2021)       #
# DOI 10.1021/acs.jcim.1c00203                                  #
#                                                               #
# O. Trott, A. J. Olson,                                        #
# AutoDock Vina: improving the speed and accuracy of docking    #
# with a new scoring function, efficient optimization and       #
# multithreading, J. Comp. Chem. (2010)                         #
# DOI 10.1002/jcc.21334                                         #
#                                                               #
# Please see https://github.com/ccsb-scripps/AutoDock-Vina for  #
# more information.                                             #
#################################################################

Scoring function : vina
Rigid receptor: data/prepared/Intermediate.pdbqt
Ligand: data/prepared/D_glucose.pdbqt
Grid center: X 92.267 Y 79.626 Z 111.761
Grid size  : X 20 Y 20 Z 20
Grid space : 0.375
Exhaustiveness: 32
CPU: 0
Verbosity: 1

Computing Vina grid ... done.
Performing docking (random seed: 1) ... 
0%   10   20   30   40   50   60   70   80   90   100%
|----|----|----|----|----|----|----|----|----|----|
***************************************************

mode |   affinity | dist from best mode
     | (kcal/mol) | rmsd l.b.| rmsd u.b.
-----+------------+----------+----------
   1       -5.256          0          0
   2       -5.188      2.168      3.646
   3       -5.024       2.09      3.825
   4       -4.955      1.827      3.717
   5        -4.86      1.977      3.182
   6       -4.779      1.984      2.644
   7       -4.769      2.223      3.858
   8       -4.662      4.873      8.029
   9       -4.604      1.939      3.137
  10       -4.587      3.745      6.285
  11       -4.547      1.995      4.203
  12       -4.522      2.181      2.402
  13       -4.465      2.639      4.196
  14       -4.463       6.22       8.14
  15       -4.427      1.682      2.946
  16       -4.424      5.912      7.894
  17       -4.416      1.805      5.181
  18       -4.413      2.206       4.21
  19       -4.364      1.586      4.383
  20       -4.304      2.039      4.412
