AutoDock Vina v1.2.3
#################################################################
# If you used AutoDock Vina in your work, please cite:          #
#                                                               #
# J. Eberhardt, D. Santos-Martins, A. F. Tillack, and S. Forli  #
# AutoDock Vina 1.2.0: New Docking Methods, Expanded Force      #
# Field, and Python Bindings, J. Chem. Inf. Model. (2021)       #
# DOI 10.1021/acs.jcim.1c00203                                  #
#                                                               #
# O. Trott, A. J. Olson,                                        #
# AutoDock Vina: improving the speed and accuracy of docking    #
# with a new scoring function, efficient optimization and       #
# multithreading, J. Comp. Chem. (2010)                         #
# DOI 10.1002/jcc.21334                                         #
#                                                               #
# Please see https://github.com/ccsb-scripps/AutoDock-Vina for  #
# more information.                                             #
#################################################################

Scoring function : vina
Rigid receptor: data/prepared/EstM2_intermediate.pdbqt
Ligand: data/prepared/D_glucose.pdbqt
Grid center: X 2.991 Y -0.846 Z 1.595
Grid size  : X 20 Y 20 Z 20
Grid space : 0.375
Exhaustiveness: 32
CPU: 0
Verbosity: 1

Computing Vina grid ... done.
Performing docking (random seed: 1) ... 
0%   10   20   30   40   50   60   70   80   90   100%
|----|----|----|----|----|----|----|----|----|----|
***************************************************

mode |   affinity | dist from best mode
     | (kcal/mol) | rmsd l.b.| rmsd u.b.
-----+------------+----------+----------
   1        -5.25          0          0
   2       -5.165      2.755      4.887
   3       -5.147      1.059      2.806
   4        -5.12      1.406      4.406
   5       -5.017      1.845      3.473
   6       -4.977       2.31       3.62
   7       -4.955      1.693      3.656
   8       -4.894      1.131      4.248
   9       -4.875       1.97      4.129
  10        -4.87      2.252      4.769
  11       -4.851       1.35      3.708
  12       -4.785      1.696      2.202
  13       -4.762      1.893      4.241
  14       -4.746      2.641      5.616
  15       -4.734      3.254      5.425
  16       -4.718      2.041      3.608
  17       -4.632      1.563      3.862
  18        -4.58       2.42      4.323
  19       -4.569      1.736        3.6
  20       -4.543      1.687      4.974
