2026-06-15 13:39:20,420 INFO:main.py:240:print_splash_screen:PDB2PQR v3.6.1: biomolecular structure conversion software.
2026-06-15 13:39:20,420 INFO:main.py:242:print_splash_screen:Please cite:  Jurrus E, et al.  Improvements to the APBS biomolecular solvation software suite.  Protein Sci 27 112-128 (2018).
2026-06-15 13:39:20,420 INFO:main.py:242:print_splash_screen:Please cite:  Dolinsky TJ, et al.  PDB2PQR: expanding and upgrading automated preparation of biomolecular structures for molecular simulations. Nucleic Acids Res 35 W522-W525 (2007).
2026-06-15 13:39:20,420 INFO:main.py:759:main_driver:Checking and transforming input arguments.
2026-06-15 13:39:20,421 INFO:main.py:763:main_driver:Loading topology files.
2026-06-15 13:39:20,472 INFO:main.py:765:main_driver:Loading molecule: data/prepared/EstA_clean.pdb
2026-06-15 13:39:20,496 INFO:main.py:770:main_driver:Setting up molecule.
2026-06-15 13:39:20,512 WARNING:biomolecule.py:992:create_residue:Unable to find amino or nucleic acid definition for EMC.  Parsing as new residue.
2026-06-15 13:39:20,513 WARNING:biomolecule.py:992:create_residue:Unable to find amino or nucleic acid definition for EMC.  Parsing as new residue.
2026-06-15 13:39:20,513 WARNING:biomolecule.py:992:create_residue:Unable to find amino or nucleic acid definition for EMC.  Parsing as new residue.
2026-06-15 13:39:20,513 INFO:main.py:408:setup_molecule:Created biomolecule object with 375 residues and 2802 atoms.
2026-06-15 13:39:20,513 WARNING:main.py:418:setup_molecule:Multiple occupancies found: CA in GLU A 15.
2026-06-15 13:39:20,513 WARNING:main.py:418:setup_molecule:Multiple occupancies found: CB in GLU A 15.
2026-06-15 13:39:20,513 WARNING:main.py:418:setup_molecule:Multiple occupancies found: CG in GLU A 15.
2026-06-15 13:39:20,513 WARNING:main.py:418:setup_molecule:Multiple occupancies found: CD in GLU A 15.
2026-06-15 13:39:20,513 WARNING:main.py:418:setup_molecule:Multiple occupancies found: OE1 in GLU A 15.
2026-06-15 13:39:20,513 WARNING:main.py:418:setup_molecule:Multiple occupancies found: OE2 in GLU A 15.
2026-06-15 13:39:20,513 WARNING:main.py:424:setup_molecule:Multiple occupancies found in GLU A 15. At least one of the instances is being ignored.
2026-06-15 13:39:20,513 WARNING:main.py:418:setup_molecule:Multiple occupancies found: CA in GLU A 22.
2026-06-15 13:39:20,513 WARNING:main.py:418:setup_molecule:Multiple occupancies found: CB in GLU A 22.
2026-06-15 13:39:20,513 WARNING:main.py:418:setup_molecule:Multiple occupancies found: CG in GLU A 22.
2026-06-15 13:39:20,513 WARNING:main.py:418:setup_molecule:Multiple occupancies found: CD in GLU A 22.
2026-06-15 13:39:20,514 WARNING:main.py:418:setup_molecule:Multiple occupancies found: OE1 in GLU A 22.
2026-06-15 13:39:20,514 WARNING:main.py:418:setup_molecule:Multiple occupancies found: OE2 in GLU A 22.
2026-06-15 13:39:20,514 WARNING:main.py:424:setup_molecule:Multiple occupancies found in GLU A 22. At least one of the instances is being ignored.
2026-06-15 13:39:20,514 WARNING:main.py:418:setup_molecule:Multiple occupancies found: CA in SER A 44.
2026-06-15 13:39:20,514 WARNING:main.py:418:setup_molecule:Multiple occupancies found: CB in SER A 44.
2026-06-15 13:39:20,514 WARNING:main.py:418:setup_molecule:Multiple occupancies found: OG in SER A 44.
2026-06-15 13:39:20,514 WARNING:main.py:424:setup_molecule:Multiple occupancies found in SER A 44. At least one of the instances is being ignored.
2026-06-15 13:39:20,514 WARNING:main.py:418:setup_molecule:Multiple occupancies found: CA in ASP A 52.
2026-06-15 13:39:20,514 WARNING:main.py:418:setup_molecule:Multiple occupancies found: CB in ASP A 52.
2026-06-15 13:39:20,514 WARNING:main.py:418:setup_molecule:Multiple occupancies found: CG in ASP A 52.
2026-06-15 13:39:20,514 WARNING:main.py:418:setup_molecule:Multiple occupancies found: OD1 in ASP A 52.
2026-06-15 13:39:20,514 WARNING:main.py:418:setup_molecule:Multiple occupancies found: OD2 in ASP A 52.
2026-06-15 13:39:20,514 WARNING:main.py:424:setup_molecule:Multiple occupancies found in ASP A 52. At least one of the instances is being ignored.
2026-06-15 13:39:20,514 WARNING:main.py:418:setup_molecule:Multiple occupancies found: CA in GLU A 81.
2026-06-15 13:39:20,514 WARNING:main.py:418:setup_molecule:Multiple occupancies found: CB in GLU A 81.
2026-06-15 13:39:20,514 WARNING:main.py:418:setup_molecule:Multiple occupancies found: CG in GLU A 81.
2026-06-15 13:39:20,514 WARNING:main.py:418:setup_molecule:Multiple occupancies found: CD in GLU A 81.
2026-06-15 13:39:20,514 WARNING:main.py:418:setup_molecule:Multiple occupancies found: OE1 in GLU A 81.
2026-06-15 13:39:20,514 WARNING:main.py:418:setup_molecule:Multiple occupancies found: OE2 in GLU A 81.
2026-06-15 13:39:20,514 WARNING:main.py:424:setup_molecule:Multiple occupancies found in GLU A 81. At least one of the instances is being ignored.
2026-06-15 13:39:20,514 WARNING:main.py:418:setup_molecule:Multiple occupancies found: CA in GLU A 83.
2026-06-15 13:39:20,514 WARNING:main.py:418:setup_molecule:Multiple occupancies found: CB in GLU A 83.
2026-06-15 13:39:20,514 WARNING:main.py:418:setup_molecule:Multiple occupancies found: CG in GLU A 83.
2026-06-15 13:39:20,514 WARNING:main.py:418:setup_molecule:Multiple occupancies found: CD in GLU A 83.
2026-06-15 13:39:20,514 WARNING:main.py:418:setup_molecule:Multiple occupancies found: OE1 in GLU A 83.
2026-06-15 13:39:20,514 WARNING:main.py:418:setup_molecule:Multiple occupancies found: OE2 in GLU A 83.
2026-06-15 13:39:20,514 WARNING:main.py:424:setup_molecule:Multiple occupancies found in GLU A 83. At least one of the instances is being ignored.
2026-06-15 13:39:20,515 WARNING:main.py:418:setup_molecule:Multiple occupancies found: CA in GLU A 191.
2026-06-15 13:39:20,515 WARNING:main.py:418:setup_molecule:Multiple occupancies found: CB in GLU A 191.
2026-06-15 13:39:20,515 WARNING:main.py:418:setup_molecule:Multiple occupancies found: CG in GLU A 191.
2026-06-15 13:39:20,515 WARNING:main.py:418:setup_molecule:Multiple occupancies found: CD in GLU A 191.
2026-06-15 13:39:20,515 WARNING:main.py:418:setup_molecule:Multiple occupancies found: OE1 in GLU A 191.
2026-06-15 13:39:20,515 WARNING:main.py:418:setup_molecule:Multiple occupancies found: OE2 in GLU A 191.
2026-06-15 13:39:20,515 WARNING:main.py:424:setup_molecule:Multiple occupancies found in GLU A 191. At least one of the instances is being ignored.
2026-06-15 13:39:20,515 WARNING:main.py:418:setup_molecule:Multiple occupancies found: CA in ASP A 227.
2026-06-15 13:39:20,515 WARNING:main.py:418:setup_molecule:Multiple occupancies found: CB in ASP A 227.
2026-06-15 13:39:20,515 WARNING:main.py:418:setup_molecule:Multiple occupancies found: CG in ASP A 227.
2026-06-15 13:39:20,515 WARNING:main.py:418:setup_molecule:Multiple occupancies found: OD1 in ASP A 227.
2026-06-15 13:39:20,515 WARNING:main.py:418:setup_molecule:Multiple occupancies found: OD2 in ASP A 227.
2026-06-15 13:39:20,515 WARNING:main.py:424:setup_molecule:Multiple occupancies found in ASP A 227. At least one of the instances is being ignored.
2026-06-15 13:39:20,515 WARNING:main.py:418:setup_molecule:Multiple occupancies found: CA in GLU A 236.
2026-06-15 13:39:20,515 WARNING:main.py:418:setup_molecule:Multiple occupancies found: CB in GLU A 236.
2026-06-15 13:39:20,515 WARNING:main.py:418:setup_molecule:Multiple occupancies found: CG in GLU A 236.
2026-06-15 13:39:20,515 WARNING:main.py:418:setup_molecule:Multiple occupancies found: CD in GLU A 236.
2026-06-15 13:39:20,515 WARNING:main.py:418:setup_molecule:Multiple occupancies found: OE1 in GLU A 236.
2026-06-15 13:39:20,515 WARNING:main.py:418:setup_molecule:Multiple occupancies found: OE2 in GLU A 236.
2026-06-15 13:39:20,515 WARNING:main.py:424:setup_molecule:Multiple occupancies found in GLU A 236. At least one of the instances is being ignored.
2026-06-15 13:39:20,515 WARNING:main.py:418:setup_molecule:Multiple occupancies found: CA in ARG A 281.
2026-06-15 13:39:20,515 WARNING:main.py:418:setup_molecule:Multiple occupancies found: CB in ARG A 281.
2026-06-15 13:39:20,515 WARNING:main.py:418:setup_molecule:Multiple occupancies found: CG in ARG A 281.
2026-06-15 13:39:20,515 WARNING:main.py:418:setup_molecule:Multiple occupancies found: CD in ARG A 281.
2026-06-15 13:39:20,515 WARNING:main.py:418:setup_molecule:Multiple occupancies found: NE in ARG A 281.
2026-06-15 13:39:20,515 WARNING:main.py:418:setup_molecule:Multiple occupancies found: CZ in ARG A 281.
2026-06-15 13:39:20,515 WARNING:main.py:418:setup_molecule:Multiple occupancies found: NH1 in ARG A 281.
2026-06-15 13:39:20,515 WARNING:main.py:418:setup_molecule:Multiple occupancies found: NH2 in ARG A 281.
2026-06-15 13:39:20,515 WARNING:main.py:424:setup_molecule:Multiple occupancies found in ARG A 281. At least one of the instances is being ignored.
2026-06-15 13:39:20,516 WARNING:main.py:418:setup_molecule:Multiple occupancies found: CA in ASN A 356.
2026-06-15 13:39:20,516 WARNING:main.py:418:setup_molecule:Multiple occupancies found: CB in ASN A 356.
2026-06-15 13:39:20,516 WARNING:main.py:418:setup_molecule:Multiple occupancies found: CG in ASN A 356.
2026-06-15 13:39:20,516 WARNING:main.py:418:setup_molecule:Multiple occupancies found: OD1 in ASN A 356.
2026-06-15 13:39:20,516 WARNING:main.py:418:setup_molecule:Multiple occupancies found: ND2 in ASN A 356.
2026-06-15 13:39:20,516 WARNING:main.py:424:setup_molecule:Multiple occupancies found in ASN A 356. At least one of the instances is being ignored.
2026-06-15 13:39:20,516 INFO:main.py:774:main_driver:Setting termini states for biomolecule chains.
2026-06-15 13:39:20,523 INFO:main.py:604:non_trivial:Loading forcefield.
2026-06-15 13:39:20,530 INFO:main.py:608:non_trivial:Loading hydrogen topology definitions.
2026-06-15 13:39:20,534 INFO:main.py:459:is_repairable:This biomolecule is clean.  No repair needed.
2026-06-15 13:39:20,534 INFO:main.py:623:non_trivial:Updating disulfide bridges.
2026-06-15 13:39:20,534 INFO:main.py:626:non_trivial:Debumping biomolecule.
2026-06-15 13:39:20,605 INFO:main.py:649:non_trivial:Adding hydrogens to biomolecule.
2026-06-15 13:39:20,958 INFO:main.py:652:non_trivial:Debumping biomolecule (again).
2026-06-15 13:39:21,317 INFO:main.py:654:non_trivial:Optimizing hydrogen bonds
2026-06-15 13:39:21,966 INFO:main.py:666:non_trivial:Applying force field to biomolecule states.
2026-06-15 13:39:21,971 INFO:main.py:713:non_trivial:Regenerating headers.
2026-06-15 13:39:21,972 INFO:main.py:738:non_trivial:Regenerating PDB lines.
2026-06-15 13:39:22,000 WARNING:main.py:311:print_pqr:Ignoring 1066 header lines in output.
2026-06-15 13:39:22,000 WARNING:main.py:315:print_pqr:Ignoring 9 missing lines in output.
